<!doctype html public "-//w3c//dtd html 4.0 transitional//en">
<html><head>
<title>Static Call Graph - [.\rvmdk\hello.axf]</title></head>
<body><HR>
<H1>Static Call Graph for image .\rvmdk\hello.axf</H1><HR>
<BR><P>#&#060CALLGRAPH&#062# ARM Linker, 5050106: Last Updated: Fri Feb 27 14:53:16 2015
<BR><P>
<H3>Maximum Stack Usage =        736 bytes + Unknown(Functions without stacksize, Cycles, Untraceable Function Pointers)</H3><H3>
Call chain for Maximum Stack Depth:</H3>
main &rArr; updateBallP1 &rArr; resetPong &rArr; fillCircle &rArr; fillCircleHelper &rArr; drawFastVLine &rArr; rawFastVLine &rArr; writeCommand
<P>
<H3>
Functions with no stack information
</H3><UL>
 <LI><a href="#[8]">Reset_Handler</a>
 <LI><a href="#[1]">NmiSR</a>
 <LI><a href="#[2]">FaultISR</a>
 <LI><a href="#[3]">IntDefaultHandler</a>
</UL>
</UL>
<P>
<H3>
Mutually Recursive functions
</H3> <LI><a href="#[21]">SSIDataPut</a>&nbsp;&nbsp;&nbsp;&rArr;&nbsp;&nbsp;&nbsp;<a href="#[21]">SSIDataPut</a><BR>
 <LI><a href="#[1]">NmiSR</a>&nbsp;&nbsp;&nbsp;&rArr;&nbsp;&nbsp;&nbsp;<a href="#[1]">NmiSR</a><BR>
 <LI><a href="#[2]">FaultISR</a>&nbsp;&nbsp;&nbsp;&rArr;&nbsp;&nbsp;&nbsp;<a href="#[2]">FaultISR</a><BR>
 <LI><a href="#[3]">IntDefaultHandler</a>&nbsp;&nbsp;&nbsp;&rArr;&nbsp;&nbsp;&nbsp;<a href="#[3]">IntDefaultHandler</a><BR>
</UL>
<P>
<H3>
Function Pointers
</H3><UL>
 <LI><a href="#[5]">Edge_Handler</a> from hello.o(i.Edge_Handler) referenced from startup_rvmdk.o(RESET)
 <LI><a href="#[2]">FaultISR</a> from startup_rvmdk.o(RESET) referenced from startup_rvmdk.o(RESET)
 <LI><a href="#[3]">IntDefaultHandler</a> from startup_rvmdk.o(RESET) referenced 112 times from startup_rvmdk.o(RESET)
 <LI><a href="#[1]">NmiSR</a> from startup_rvmdk.o(RESET) referenced from startup_rvmdk.o(RESET)
 <LI><a href="#[8]">Reset_Handler</a> from startup_rvmdk.o(RESET) referenced from startup_rvmdk.o(RESET)
 <LI><a href="#[4]">SysTick_Handler</a> from hello.o(i.SysTick_Handler) referenced from startup_rvmdk.o(RESET)
 <LI><a href="#[6]">UART1IntHandler</a> from hello.o(i.UART1IntHandler) referenced from startup_rvmdk.o(RESET)
 <LI><a href="#[7]">main</a> from hello.o(i.main) referenced from entry9a.o(.ARM.Collect$$$$0000000B)
</UL>
<P>
<H3>
Global Symbols
</H3>
<P><STRONG><a name="[8]"></a>Reset_Handler</STRONG> (Thumb, 0 bytes, Stack size unknown bytes, startup_rvmdk.o(RESET))
<BR><BR>[Calls]<UL><LI><a href="#[9]">&gt;&gt;</a>&nbsp;&nbsp;&nbsp;__main
</UL>

<P><STRONG><a name="[9]"></a>__main</STRONG> (Thumb, 0 bytes, Stack size unknown bytes, entry.o(.ARM.Collect$$$$00000000))
<BR><BR>[Called By]<UL><LI><a href="#[8]">&gt;&gt;</a>&nbsp;&nbsp;&nbsp;Reset_Handler
</UL>

<P><STRONG><a name="[3c]"></a>_main_stk</STRONG> (Thumb, 0 bytes, Stack size unknown bytes, entry2.o(.ARM.Collect$$$$00000001))

<P><STRONG><a name="[a]"></a>_main_scatterload</STRONG> (Thumb, 0 bytes, Stack size unknown bytes, entry5.o(.ARM.Collect$$$$00000004))
<BR><BR>[Calls]<UL><LI><a href="#[b]">&gt;&gt;</a>&nbsp;&nbsp;&nbsp;__scatterload
</UL>

<P><STRONG><a name="[15]"></a>__main_after_scatterload</STRONG> (Thumb, 0 bytes, Stack size unknown bytes, entry5.o(.ARM.Collect$$$$00000004))
<BR><BR>[Called By]<UL><LI><a href="#[b]">&gt;&gt;</a>&nbsp;&nbsp;&nbsp;__scatterload
</UL>

<P><STRONG><a name="[3d]"></a>_main_clock</STRONG> (Thumb, 0 bytes, Stack size unknown bytes, entry7b.o(.ARM.Collect$$$$00000008))

<P><STRONG><a name="[3e]"></a>_main_cpp_init</STRONG> (Thumb, 0 bytes, Stack size unknown bytes, entry8b.o(.ARM.Collect$$$$0000000A))

<P><STRONG><a name="[3f]"></a>_main_init</STRONG> (Thumb, 0 bytes, Stack size unknown bytes, entry9a.o(.ARM.Collect$$$$0000000B))

<P><STRONG><a name="[40]"></a>__rt_final_cpp</STRONG> (Thumb, 0 bytes, Stack size unknown bytes, entry10a.o(.ARM.Collect$$$$0000000D))

<P><STRONG><a name="[41]"></a>__rt_final_exit</STRONG> (Thumb, 0 bytes, Stack size unknown bytes, entry11a.o(.ARM.Collect$$$$0000000F))

<P><STRONG><a name="[c]"></a>__aeabi_dmul</STRONG> (Thumb, 228 bytes, Stack size 48 bytes, dmul.o(.text))
<BR><BR>[Stack]<UL><LI>Max Depth = 88<LI>Call Chain = __aeabi_dmul &rArr; _double_epilogue &rArr; _double_round
</UL>
<BR>[Calls]<UL><LI><a href="#[d]">&gt;&gt;</a>&nbsp;&nbsp;&nbsp;_double_epilogue
</UL>
<BR>[Called By]<UL><LI><a href="#[7]">&gt;&gt;</a>&nbsp;&nbsp;&nbsp;main
</UL>

<P><STRONG><a name="[e]"></a>__aeabi_ui2d</STRONG> (Thumb, 26 bytes, Stack size 16 bytes, dfltui.o(.text))
<BR><BR>[Stack]<UL><LI>Max Depth = 56<LI>Call Chain = __aeabi_ui2d &rArr; _double_epilogue &rArr; _double_round
</UL>
<BR>[Calls]<UL><LI><a href="#[d]">&gt;&gt;</a>&nbsp;&nbsp;&nbsp;_double_epilogue
</UL>
<BR>[Called By]<UL><LI><a href="#[7]">&gt;&gt;</a>&nbsp;&nbsp;&nbsp;main
</UL>

<P><STRONG><a name="[f]"></a>__aeabi_d2uiz</STRONG> (Thumb, 50 bytes, Stack size 8 bytes, dfixui.o(.text))
<BR><BR>[Stack]<UL><LI>Max Depth = 8<LI>Call Chain = __aeabi_d2uiz
</UL>
<BR>[Calls]<UL><LI><a href="#[10]">&gt;&gt;</a>&nbsp;&nbsp;&nbsp;__aeabi_llsr
</UL>
<BR>[Called By]<UL><LI><a href="#[7]">&gt;&gt;</a>&nbsp;&nbsp;&nbsp;main
</UL>

<P><STRONG><a name="[10]"></a>__aeabi_llsr</STRONG> (Thumb, 32 bytes, Stack size 0 bytes, llushr.o(.text))
<BR><BR>[Called By]<UL><LI><a href="#[f]">&gt;&gt;</a>&nbsp;&nbsp;&nbsp;__aeabi_d2uiz
<LI><a href="#[d]">&gt;&gt;</a>&nbsp;&nbsp;&nbsp;_double_epilogue
</UL>

<P><STRONG><a name="[42]"></a>_ll_ushift_r</STRONG> (Thumb, 0 bytes, Stack size 0 bytes, llushr.o(.text), UNUSED)

<P><STRONG><a name="[43]"></a>__I$use$fp</STRONG> (Thumb, 0 bytes, Stack size 8 bytes, iusefp.o(.text), UNUSED)

<P><STRONG><a name="[11]"></a>_frnd</STRONG> (Thumb, 60 bytes, Stack size 8 bytes, frnd.o(.text))
<BR><BR>[Stack]<UL><LI>Max Depth = 8<LI>Call Chain = _frnd
</UL>
<BR>[Calls]<UL><LI><a href="#[12]">&gt;&gt;</a>&nbsp;&nbsp;&nbsp;_float_round
</UL>
<BR>[Called By]<UL><LI><a href="#[27]">&gt;&gt;</a>&nbsp;&nbsp;&nbsp;__hardfp_roundf
</UL>

<P><STRONG><a name="[14]"></a>_double_round</STRONG> (Thumb, 30 bytes, Stack size 8 bytes, depilogue.o(.text))
<BR><BR>[Stack]<UL><LI>Max Depth = 8<LI>Call Chain = _double_round
</UL>
<BR>[Called By]<UL><LI><a href="#[d]">&gt;&gt;</a>&nbsp;&nbsp;&nbsp;_double_epilogue
</UL>

<P><STRONG><a name="[d]"></a>_double_epilogue</STRONG> (Thumb, 156 bytes, Stack size 32 bytes, depilogue.o(.text))
<BR><BR>[Stack]<UL><LI>Max Depth = 40<LI>Call Chain = _double_epilogue &rArr; _double_round
</UL>
<BR>[Calls]<UL><LI><a href="#[13]">&gt;&gt;</a>&nbsp;&nbsp;&nbsp;__aeabi_llsl
<LI><a href="#[14]">&gt;&gt;</a>&nbsp;&nbsp;&nbsp;_double_round
<LI><a href="#[10]">&gt;&gt;</a>&nbsp;&nbsp;&nbsp;__aeabi_llsr
</UL>
<BR>[Called By]<UL><LI><a href="#[e]">&gt;&gt;</a>&nbsp;&nbsp;&nbsp;__aeabi_ui2d
<LI><a href="#[c]">&gt;&gt;</a>&nbsp;&nbsp;&nbsp;__aeabi_dmul
</UL>

<P><STRONG><a name="[b]"></a>__scatterload</STRONG> (Thumb, 28 bytes, Stack size 0 bytes, init.o(.text))
<BR><BR>[Calls]<UL><LI><a href="#[15]">&gt;&gt;</a>&nbsp;&nbsp;&nbsp;__main_after_scatterload
</UL>
<BR>[Called By]<UL><LI><a href="#[a]">&gt;&gt;</a>&nbsp;&nbsp;&nbsp;_main_scatterload
</UL>

<P><STRONG><a name="[44]"></a>__scatterload_rt2</STRONG> (Thumb, 0 bytes, Stack size 0 bytes, init.o(.text), UNUSED)

<P><STRONG><a name="[13]"></a>__aeabi_llsl</STRONG> (Thumb, 30 bytes, Stack size 0 bytes, llshl.o(.text))
<BR><BR>[Called By]<UL><LI><a href="#[d]">&gt;&gt;</a>&nbsp;&nbsp;&nbsp;_double_epilogue
</UL>

<P><STRONG><a name="[45]"></a>_ll_shift_l</STRONG> (Thumb, 0 bytes, Stack size 0 bytes, llshl.o(.text), UNUSED)

<P><STRONG><a name="[12]"></a>_float_round</STRONG> (Thumb, 18 bytes, Stack size 0 bytes, fepilogue.o(.text))
<BR><BR>[Called By]<UL><LI><a href="#[11]">&gt;&gt;</a>&nbsp;&nbsp;&nbsp;_frnd
</UL>

<P><STRONG><a name="[46]"></a>_float_epilogue</STRONG> (Thumb, 92 bytes, Stack size 4 bytes, fepilogue.o(.text), UNUSED)

<P><STRONG><a name="[16]"></a>ConfigureSSI</STRONG> (Thumb, 100 bytes, Stack size 24 bytes, hello.o(i.ConfigureSSI))
<BR><BR>[Stack]<UL><LI>Max Depth = 28<LI>Call Chain = ConfigureSSI &rArr; SysCtlClockGet
</UL>
<BR>[Calls]<UL><LI><a href="#[18]">&gt;&gt;</a>&nbsp;&nbsp;&nbsp;SysCtlClockGet
<LI><a href="#[17]">&gt;&gt;</a>&nbsp;&nbsp;&nbsp;GPIOPinConfigure
</UL>
<BR>[Called By]<UL><LI><a href="#[7]">&gt;&gt;</a>&nbsp;&nbsp;&nbsp;main
</UL>

<P><STRONG><a name="[19]"></a>ConfigureUART0</STRONG> (Thumb, 74 bytes, Stack size 8 bytes, hello.o(i.ConfigureUART0))
<BR><BR>[Stack]<UL><LI>Max Depth = 40<LI>Call Chain = ConfigureUART0 &rArr; UARTStdioConfig
</UL>
<BR>[Calls]<UL><LI><a href="#[1c]">&gt;&gt;</a>&nbsp;&nbsp;&nbsp;UARTStdioConfig
<LI><a href="#[1b]">&gt;&gt;</a>&nbsp;&nbsp;&nbsp;UARTClockSourceSet
<LI><a href="#[1a]">&gt;&gt;</a>&nbsp;&nbsp;&nbsp;GPIOPinTypeUART
</UL>
<BR>[Called By]<UL><LI><a href="#[7]">&gt;&gt;</a>&nbsp;&nbsp;&nbsp;main
</UL>

<P><STRONG><a name="[1d]"></a>ConfigureUART1</STRONG> (Thumb, 80 bytes, Stack size 16 bytes, hello.o(i.ConfigureUART1))
<BR><BR>[Stack]<UL><LI>Max Depth = 28<LI>Call Chain = ConfigureUART1 &rArr; GPIOPinTypeUART
</UL>
<BR>[Calls]<UL><LI><a href="#[1b]">&gt;&gt;</a>&nbsp;&nbsp;&nbsp;UARTClockSourceSet
<LI><a href="#[1a]">&gt;&gt;</a>&nbsp;&nbsp;&nbsp;GPIOPinTypeUART
</UL>
<BR>[Called By]<UL><LI><a href="#[7]">&gt;&gt;</a>&nbsp;&nbsp;&nbsp;main
</UL>

<P><STRONG><a name="[5]"></a>Edge_Handler</STRONG> (Thumb, 54 bytes, Stack size 8 bytes, hello.o(i.Edge_Handler))
<BR><BR>[Stack]<UL><LI>Max Depth = 8<LI>Call Chain = Edge_Handler
</UL>
<BR>[Calls]<UL><LI><a href="#[1e]">&gt;&gt;</a>&nbsp;&nbsp;&nbsp;GPIOIntClear
</UL>
<BR>[Address Reference Count : 1]<UL><LI> startup_rvmdk.o(RESET)
</UL>
<P><STRONG><a name="[1f]"></a>GPIODirModeSet</STRONG> (Thumb, 40 bytes, Stack size 0 bytes, gpio.o(i.GPIODirModeSet))
<BR><BR>[Called By]<UL><LI><a href="#[1a]">&gt;&gt;</a>&nbsp;&nbsp;&nbsp;GPIOPinTypeUART
</UL>

<P><STRONG><a name="[1e]"></a>GPIOIntClear</STRONG> (Thumb, 6 bytes, Stack size 0 bytes, gpio.o(i.GPIOIntClear))
<BR><BR>[Called By]<UL><LI><a href="#[5]">&gt;&gt;</a>&nbsp;&nbsp;&nbsp;Edge_Handler
</UL>

<P><STRONG><a name="[39]"></a>GPIOIntDisable</STRONG> (Thumb, 14 bytes, Stack size 0 bytes, gpio.o(i.GPIOIntDisable))
<BR><BR>[Called By]<UL><LI><a href="#[7]">&gt;&gt;</a>&nbsp;&nbsp;&nbsp;main
</UL>

<P><STRONG><a name="[35]"></a>GPIOIntEnable</STRONG> (Thumb, 14 bytes, Stack size 0 bytes, gpio.o(i.GPIOIntEnable))
<BR><BR>[Called By]<UL><LI><a href="#[7]">&gt;&gt;</a>&nbsp;&nbsp;&nbsp;main
</UL>

<P><STRONG><a name="[20]"></a>GPIOPadConfigSet</STRONG> (Thumb, 176 bytes, Stack size 0 bytes, gpio.o(i.GPIOPadConfigSet))
<BR><BR>[Called By]<UL><LI><a href="#[1a]">&gt;&gt;</a>&nbsp;&nbsp;&nbsp;GPIOPinTypeUART
</UL>

<P><STRONG><a name="[17]"></a>GPIOPinConfigure</STRONG> (Thumb, 64 bytes, Stack size 0 bytes, gpio.o(i.GPIOPinConfigure))
<BR><BR>[Called By]<UL><LI><a href="#[16]">&gt;&gt;</a>&nbsp;&nbsp;&nbsp;ConfigureSSI
</UL>

<P><STRONG><a name="[1a]"></a>GPIOPinTypeUART</STRONG> (Thumb, 28 bytes, Stack size 12 bytes, gpio.o(i.GPIOPinTypeUART))
<BR><BR>[Stack]<UL><LI>Max Depth = 12<LI>Call Chain = GPIOPinTypeUART
</UL>
<BR>[Calls]<UL><LI><a href="#[20]">&gt;&gt;</a>&nbsp;&nbsp;&nbsp;GPIOPadConfigSet
<LI><a href="#[1f]">&gt;&gt;</a>&nbsp;&nbsp;&nbsp;GPIODirModeSet
</UL>
<BR>[Called By]<UL><LI><a href="#[1d]">&gt;&gt;</a>&nbsp;&nbsp;&nbsp;ConfigureUART1
<LI><a href="#[19]">&gt;&gt;</a>&nbsp;&nbsp;&nbsp;ConfigureUART0
</UL>

<P><STRONG><a name="[3b]"></a>SSIBusy</STRONG> (Thumb, 8 bytes, Stack size 0 bytes, ssi.o(i.SSIBusy))
<BR><BR>[Called By]<UL><LI><a href="#[29]">&gt;&gt;</a>&nbsp;&nbsp;&nbsp;writeCommand
</UL>

<P><STRONG><a name="[21]"></a>SSIDataPut</STRONG> (Thumb, 12 bytes, Stack size 0 bytes, ssi.o(i.SSIDataPut))
<BR><BR>[Calls]<UL><LI><a href="#[21]">&gt;&gt;</a>&nbsp;&nbsp;&nbsp;SSIDataPut
</UL>
<BR>[Called By]<UL><LI><a href="#[21]">&gt;&gt;</a>&nbsp;&nbsp;&nbsp;SSIDataPut
<LI><a href="#[29]">&gt;&gt;</a>&nbsp;&nbsp;&nbsp;writeCommand
<LI><a href="#[2a]">&gt;&gt;</a>&nbsp;&nbsp;&nbsp;writeData
</UL>

<P><STRONG><a name="[18]"></a>SysCtlClockGet</STRONG> (Thumb, 250 bytes, Stack size 4 bytes, sysctl.o(i.SysCtlClockGet))
<BR><BR>[Stack]<UL><LI>Max Depth = 4<LI>Call Chain = SysCtlClockGet
</UL>
<BR>[Called By]<UL><LI><a href="#[28]">&gt;&gt;</a>&nbsp;&nbsp;&nbsp;begin
<LI><a href="#[7]">&gt;&gt;</a>&nbsp;&nbsp;&nbsp;main
<LI><a href="#[16]">&gt;&gt;</a>&nbsp;&nbsp;&nbsp;ConfigureSSI
</UL>

<P><STRONG><a name="[4]"></a>SysTick_Handler</STRONG> (Thumb, 2 bytes, Stack size 0 bytes, hello.o(i.SysTick_Handler))
<BR>[Address Reference Count : 1]<UL><LI> startup_rvmdk.o(RESET)
</UL>
<P><STRONG><a name="[6]"></a>UART1IntHandler</STRONG> (Thumb, 178 bytes, Stack size 24 bytes, hello.o(i.UART1IntHandler))
<BR><BR>[Stack]<UL><LI>Max Depth = 160<LI>Call Chain = UART1IntHandler &rArr; fillCircle &rArr; fillCircleHelper &rArr; drawFastVLine &rArr; rawFastVLine &rArr; writeCommand
</UL>
<BR>[Calls]<UL><LI><a href="#[23]">&gt;&gt;</a>&nbsp;&nbsp;&nbsp;fillCircle
<LI><a href="#[22]">&gt;&gt;</a>&nbsp;&nbsp;&nbsp;drawLine
</UL>
<BR>[Address Reference Count : 1]<UL><LI> startup_rvmdk.o(RESET)
</UL>
<P><STRONG><a name="[1b]"></a>UARTClockSourceSet</STRONG> (Thumb, 6 bytes, Stack size 0 bytes, uart.o(i.UARTClockSourceSet))
<BR><BR>[Called By]<UL><LI><a href="#[1d]">&gt;&gt;</a>&nbsp;&nbsp;&nbsp;ConfigureUART1
<LI><a href="#[19]">&gt;&gt;</a>&nbsp;&nbsp;&nbsp;ConfigureUART0
</UL>

<P><STRONG><a name="[1c]"></a>UARTStdioConfig</STRONG> (Thumb, 82 bytes, Stack size 32 bytes, uartstdio.o(i.UARTStdioConfig))
<BR><BR>[Stack]<UL><LI>Max Depth = 32<LI>Call Chain = UARTStdioConfig
</UL>
<BR>[Called By]<UL><LI><a href="#[19]">&gt;&gt;</a>&nbsp;&nbsp;&nbsp;ConfigureUART0
</UL>

<P><STRONG><a name="[24]"></a>UARTprintf</STRONG> (Thumb, 18 bytes, Stack size 24 bytes, uartstdio.o(i.UARTprintf))
<BR><BR>[Stack]<UL><LI>Max Depth = 104<LI>Call Chain = UARTprintf &rArr; UARTvprintf &rArr; UARTwrite
</UL>
<BR>[Calls]<UL><LI><a href="#[25]">&gt;&gt;</a>&nbsp;&nbsp;&nbsp;UARTvprintf
</UL>
<BR>[Called By]<UL><LI><a href="#[7]">&gt;&gt;</a>&nbsp;&nbsp;&nbsp;main
</UL>

<P><STRONG><a name="[25]"></a>UARTvprintf</STRONG> (Thumb, 420 bytes, Stack size 56 bytes, uartstdio.o(i.UARTvprintf))
<BR><BR>[Stack]<UL><LI>Max Depth = 80<LI>Call Chain = UARTvprintf &rArr; UARTwrite
</UL>
<BR>[Calls]<UL><LI><a href="#[26]">&gt;&gt;</a>&nbsp;&nbsp;&nbsp;UARTwrite
</UL>
<BR>[Called By]<UL><LI><a href="#[24]">&gt;&gt;</a>&nbsp;&nbsp;&nbsp;UARTprintf
</UL>

<P><STRONG><a name="[26]"></a>UARTwrite</STRONG> (Thumb, 56 bytes, Stack size 24 bytes, uartstdio.o(i.UARTwrite))
<BR><BR>[Stack]<UL><LI>Max Depth = 24<LI>Call Chain = UARTwrite
</UL>
<BR>[Called By]<UL><LI><a href="#[25]">&gt;&gt;</a>&nbsp;&nbsp;&nbsp;UARTvprintf
</UL>

<P><STRONG><a name="[27]"></a>__hardfp_roundf</STRONG> (Thumb, 154 bytes, Stack size 16 bytes, roundf.o(i.__hardfp_roundf))
<BR><BR>[Stack]<UL><LI>Max Depth = 24<LI>Call Chain = __hardfp_roundf &rArr; _frnd
</UL>
<BR>[Calls]<UL><LI><a href="#[11]">&gt;&gt;</a>&nbsp;&nbsp;&nbsp;_frnd
</UL>
<BR>[Called By]<UL><LI><a href="#[7]">&gt;&gt;</a>&nbsp;&nbsp;&nbsp;main
</UL>

<P><STRONG><a name="[47]"></a>__scatterload_copy</STRONG> (Thumb, 14 bytes, Stack size unknown bytes, handlers.o(i.__scatterload_copy), UNUSED)

<P><STRONG><a name="[48]"></a>__scatterload_null</STRONG> (Thumb, 2 bytes, Stack size unknown bytes, handlers.o(i.__scatterload_null), UNUSED)

<P><STRONG><a name="[49]"></a>__scatterload_zeroinit</STRONG> (Thumb, 14 bytes, Stack size unknown bytes, handlers.o(i.__scatterload_zeroinit), UNUSED)

<P><STRONG><a name="[28]"></a>begin</STRONG> (Thumb, 356 bytes, Stack size 16 bytes, adafruit_gfx.o(i.begin))
<BR><BR>[Stack]<UL><LI>Max Depth = 32<LI>Call Chain = begin &rArr; writeCommand
</UL>
<BR>[Calls]<UL><LI><a href="#[29]">&gt;&gt;</a>&nbsp;&nbsp;&nbsp;writeCommand
<LI><a href="#[2a]">&gt;&gt;</a>&nbsp;&nbsp;&nbsp;writeData
<LI><a href="#[18]">&gt;&gt;</a>&nbsp;&nbsp;&nbsp;SysCtlClockGet
</UL>
<BR>[Called By]<UL><LI><a href="#[7]">&gt;&gt;</a>&nbsp;&nbsp;&nbsp;main
</UL>

<P><STRONG><a name="[2b]"></a>drawFastVLine</STRONG> (Thumb, 68 bytes, Stack size 8 bytes, adafruit_gfx.o(i.drawFastVLine))
<BR><BR>[Stack]<UL><LI>Max Depth = 48<LI>Call Chain = drawFastVLine &rArr; rawFastVLine &rArr; writeCommand
</UL>
<BR>[Calls]<UL><LI><a href="#[2d]">&gt;&gt;</a>&nbsp;&nbsp;&nbsp;rawFastVLine
<LI><a href="#[2c]">&gt;&gt;</a>&nbsp;&nbsp;&nbsp;rawFastHLine
</UL>
<BR>[Called By]<UL><LI><a href="#[30]">&gt;&gt;</a>&nbsp;&nbsp;&nbsp;fillCircleHelper
<LI><a href="#[23]">&gt;&gt;</a>&nbsp;&nbsp;&nbsp;fillCircle
</UL>

<P><STRONG><a name="[22]"></a>drawLine</STRONG> (Thumb, 162 bytes, Stack size 40 bytes, adafruit_gfx.o(i.drawLine))
<BR><BR>[Stack]<UL><LI>Max Depth = 88<LI>Call Chain = drawLine &rArr; drawPixel &rArr; goTo &rArr; writeCommand
</UL>
<BR>[Calls]<UL><LI><a href="#[2e]">&gt;&gt;</a>&nbsp;&nbsp;&nbsp;drawPixel
</UL>
<BR>[Called By]<UL><LI><a href="#[7]">&gt;&gt;</a>&nbsp;&nbsp;&nbsp;main
<LI><a href="#[6]">&gt;&gt;</a>&nbsp;&nbsp;&nbsp;UART1IntHandler
</UL>

<P><STRONG><a name="[2e]"></a>drawPixel</STRONG> (Thumb, 80 bytes, Stack size 16 bytes, adafruit_gfx.o(i.drawPixel))
<BR><BR>[Stack]<UL><LI>Max Depth = 48<LI>Call Chain = drawPixel &rArr; goTo &rArr; writeCommand
</UL>
<BR>[Calls]<UL><LI><a href="#[2a]">&gt;&gt;</a>&nbsp;&nbsp;&nbsp;writeData
<LI><a href="#[2f]">&gt;&gt;</a>&nbsp;&nbsp;&nbsp;goTo
</UL>
<BR>[Called By]<UL><LI><a href="#[22]">&gt;&gt;</a>&nbsp;&nbsp;&nbsp;drawLine
</UL>

<P><STRONG><a name="[23]"></a>fillCircle</STRONG> (Thumb, 52 bytes, Stack size 32 bytes, adafruit_gfx.o(i.fillCircle))
<BR><BR>[Stack]<UL><LI>Max Depth = 136<LI>Call Chain = fillCircle &rArr; fillCircleHelper &rArr; drawFastVLine &rArr; rawFastVLine &rArr; writeCommand
</UL>
<BR>[Calls]<UL><LI><a href="#[30]">&gt;&gt;</a>&nbsp;&nbsp;&nbsp;fillCircleHelper
<LI><a href="#[2b]">&gt;&gt;</a>&nbsp;&nbsp;&nbsp;drawFastVLine
</UL>
<BR>[Called By]<UL><LI><a href="#[38]">&gt;&gt;</a>&nbsp;&nbsp;&nbsp;updateBallP1
<LI><a href="#[3a]">&gt;&gt;</a>&nbsp;&nbsp;&nbsp;resetPong
<LI><a href="#[6]">&gt;&gt;</a>&nbsp;&nbsp;&nbsp;UART1IntHandler
</UL>

<P><STRONG><a name="[30]"></a>fillCircleHelper</STRONG> (Thumb, 194 bytes, Stack size 56 bytes, adafruit_gfx.o(i.fillCircleHelper))
<BR><BR>[Stack]<UL><LI>Max Depth = 104<LI>Call Chain = fillCircleHelper &rArr; drawFastVLine &rArr; rawFastVLine &rArr; writeCommand
</UL>
<BR>[Calls]<UL><LI><a href="#[2b]">&gt;&gt;</a>&nbsp;&nbsp;&nbsp;drawFastVLine
</UL>
<BR>[Called By]<UL><LI><a href="#[23]">&gt;&gt;</a>&nbsp;&nbsp;&nbsp;fillCircle
</UL>

<P><STRONG><a name="[31]"></a>fillRect</STRONG> (Thumb, 74 bytes, Stack size 24 bytes, adafruit_gfx.o(i.fillRect))
<BR><BR>[Stack]<UL><LI>Max Depth = 64<LI>Call Chain = fillRect &rArr; rawFillRect &rArr; writeCommand
</UL>
<BR>[Calls]<UL><LI><a href="#[32]">&gt;&gt;</a>&nbsp;&nbsp;&nbsp;rawFillRect
</UL>
<BR>[Called By]<UL><LI><a href="#[33]">&gt;&gt;</a>&nbsp;&nbsp;&nbsp;fillScreen
</UL>

<P><STRONG><a name="[33]"></a>fillScreen</STRONG> (Thumb, 18 bytes, Stack size 8 bytes, adafruit_gfx.o(i.fillScreen))
<BR><BR>[Stack]<UL><LI>Max Depth = 72<LI>Call Chain = fillScreen &rArr; fillRect &rArr; rawFillRect &rArr; writeCommand
</UL>
<BR>[Calls]<UL><LI><a href="#[31]">&gt;&gt;</a>&nbsp;&nbsp;&nbsp;fillRect
</UL>
<BR>[Called By]<UL><LI><a href="#[7]">&gt;&gt;</a>&nbsp;&nbsp;&nbsp;main
</UL>

<P><STRONG><a name="[2f]"></a>goTo</STRONG> (Thumb, 62 bytes, Stack size 16 bytes, adafruit_gfx.o(i.goTo))
<BR><BR>[Stack]<UL><LI>Max Depth = 32<LI>Call Chain = goTo &rArr; writeCommand
</UL>
<BR>[Calls]<UL><LI><a href="#[29]">&gt;&gt;</a>&nbsp;&nbsp;&nbsp;writeCommand
<LI><a href="#[2a]">&gt;&gt;</a>&nbsp;&nbsp;&nbsp;writeData
</UL>
<BR>[Called By]<UL><LI><a href="#[2e]">&gt;&gt;</a>&nbsp;&nbsp;&nbsp;drawPixel
<LI><a href="#[34]">&gt;&gt;</a>&nbsp;&nbsp;&nbsp;lcdTestPattern
</UL>

<P><STRONG><a name="[36]"></a>initHW</STRONG> (Thumb, 10 bytes, Stack size 0 bytes, adafruit_gfx.o(i.initHW))
<BR><BR>[Called By]<UL><LI><a href="#[7]">&gt;&gt;</a>&nbsp;&nbsp;&nbsp;main
</UL>

<P><STRONG><a name="[34]"></a>lcdTestPattern</STRONG> (Thumb, 114 bytes, Stack size 16 bytes, hello.o(i.lcdTestPattern))
<BR><BR>[Stack]<UL><LI>Max Depth = 48<LI>Call Chain = lcdTestPattern &rArr; goTo &rArr; writeCommand
</UL>
<BR>[Calls]<UL><LI><a href="#[2a]">&gt;&gt;</a>&nbsp;&nbsp;&nbsp;writeData
<LI><a href="#[2f]">&gt;&gt;</a>&nbsp;&nbsp;&nbsp;goTo
</UL>
<BR>[Called By]<UL><LI><a href="#[7]">&gt;&gt;</a>&nbsp;&nbsp;&nbsp;main
</UL>

<P><STRONG><a name="[7]"></a>main</STRONG> (Thumb, 724 bytes, Stack size 568 bytes, hello.o(i.main))
<BR><BR>[Stack]<UL><LI>Max Depth = 736<LI>Call Chain = main &rArr; updateBallP1 &rArr; resetPong &rArr; fillCircle &rArr; fillCircleHelper &rArr; drawFastVLine &rArr; rawFastVLine &rArr; writeCommand
</UL>
<BR>[Calls]<UL><LI><a href="#[37]">&gt;&gt;</a>&nbsp;&nbsp;&nbsp;setTextSize
<LI><a href="#[36]">&gt;&gt;</a>&nbsp;&nbsp;&nbsp;initHW
<LI><a href="#[33]">&gt;&gt;</a>&nbsp;&nbsp;&nbsp;fillScreen
<LI><a href="#[22]">&gt;&gt;</a>&nbsp;&nbsp;&nbsp;drawLine
<LI><a href="#[28]">&gt;&gt;</a>&nbsp;&nbsp;&nbsp;begin
<LI><a href="#[e]">&gt;&gt;</a>&nbsp;&nbsp;&nbsp;__aeabi_ui2d
<LI><a href="#[c]">&gt;&gt;</a>&nbsp;&nbsp;&nbsp;__aeabi_dmul
<LI><a href="#[f]">&gt;&gt;</a>&nbsp;&nbsp;&nbsp;__aeabi_d2uiz
<LI><a href="#[24]">&gt;&gt;</a>&nbsp;&nbsp;&nbsp;UARTprintf
<LI><a href="#[18]">&gt;&gt;</a>&nbsp;&nbsp;&nbsp;SysCtlClockGet
<LI><a href="#[35]">&gt;&gt;</a>&nbsp;&nbsp;&nbsp;GPIOIntEnable
<LI><a href="#[39]">&gt;&gt;</a>&nbsp;&nbsp;&nbsp;GPIOIntDisable
<LI><a href="#[38]">&gt;&gt;</a>&nbsp;&nbsp;&nbsp;updateBallP1
<LI><a href="#[34]">&gt;&gt;</a>&nbsp;&nbsp;&nbsp;lcdTestPattern
<LI><a href="#[1d]">&gt;&gt;</a>&nbsp;&nbsp;&nbsp;ConfigureUART1
<LI><a href="#[19]">&gt;&gt;</a>&nbsp;&nbsp;&nbsp;ConfigureUART0
<LI><a href="#[16]">&gt;&gt;</a>&nbsp;&nbsp;&nbsp;ConfigureSSI
<LI><a href="#[27]">&gt;&gt;</a>&nbsp;&nbsp;&nbsp;__hardfp_roundf
</UL>
<BR>[Address Reference Count : 1]<UL><LI> entry9a.o(.ARM.Collect$$$$0000000B)
</UL>
<P><STRONG><a name="[2c]"></a>rawFastHLine</STRONG> (Thumb, 112 bytes, Stack size 24 bytes, adafruit_gfx.o(i.rawFastHLine))
<BR><BR>[Stack]<UL><LI>Max Depth = 40<LI>Call Chain = rawFastHLine &rArr; writeCommand
</UL>
<BR>[Calls]<UL><LI><a href="#[29]">&gt;&gt;</a>&nbsp;&nbsp;&nbsp;writeCommand
<LI><a href="#[2a]">&gt;&gt;</a>&nbsp;&nbsp;&nbsp;writeData
</UL>
<BR>[Called By]<UL><LI><a href="#[2b]">&gt;&gt;</a>&nbsp;&nbsp;&nbsp;drawFastVLine
</UL>

<P><STRONG><a name="[2d]"></a>rawFastVLine</STRONG> (Thumb, 112 bytes, Stack size 24 bytes, adafruit_gfx.o(i.rawFastVLine))
<BR><BR>[Stack]<UL><LI>Max Depth = 40<LI>Call Chain = rawFastVLine &rArr; writeCommand
</UL>
<BR>[Calls]<UL><LI><a href="#[29]">&gt;&gt;</a>&nbsp;&nbsp;&nbsp;writeCommand
<LI><a href="#[2a]">&gt;&gt;</a>&nbsp;&nbsp;&nbsp;writeData
</UL>
<BR>[Called By]<UL><LI><a href="#[2b]">&gt;&gt;</a>&nbsp;&nbsp;&nbsp;drawFastVLine
</UL>

<P><STRONG><a name="[32]"></a>rawFillRect</STRONG> (Thumb, 134 bytes, Stack size 24 bytes, adafruit_gfx.o(i.rawFillRect))
<BR><BR>[Stack]<UL><LI>Max Depth = 40<LI>Call Chain = rawFillRect &rArr; writeCommand
</UL>
<BR>[Calls]<UL><LI><a href="#[29]">&gt;&gt;</a>&nbsp;&nbsp;&nbsp;writeCommand
<LI><a href="#[2a]">&gt;&gt;</a>&nbsp;&nbsp;&nbsp;writeData
</UL>
<BR>[Called By]<UL><LI><a href="#[31]">&gt;&gt;</a>&nbsp;&nbsp;&nbsp;fillRect
</UL>

<P><STRONG><a name="[3a]"></a>resetPong</STRONG> (Thumb, 100 bytes, Stack size 16 bytes, hello.o(i.resetPong))
<BR><BR>[Stack]<UL><LI>Max Depth = 152<LI>Call Chain = resetPong &rArr; fillCircle &rArr; fillCircleHelper &rArr; drawFastVLine &rArr; rawFastVLine &rArr; writeCommand
</UL>
<BR>[Calls]<UL><LI><a href="#[23]">&gt;&gt;</a>&nbsp;&nbsp;&nbsp;fillCircle
</UL>
<BR>[Called By]<UL><LI><a href="#[38]">&gt;&gt;</a>&nbsp;&nbsp;&nbsp;updateBallP1
</UL>

<P><STRONG><a name="[37]"></a>setTextSize</STRONG> (Thumb, 10 bytes, Stack size 0 bytes, adafruit_gfx.o(i.setTextSize))
<BR><BR>[Called By]<UL><LI><a href="#[7]">&gt;&gt;</a>&nbsp;&nbsp;&nbsp;main
</UL>

<P><STRONG><a name="[38]"></a>updateBallP1</STRONG> (Thumb, 196 bytes, Stack size 16 bytes, hello.o(i.updateBallP1))
<BR><BR>[Stack]<UL><LI>Max Depth = 168<LI>Call Chain = updateBallP1 &rArr; resetPong &rArr; fillCircle &rArr; fillCircleHelper &rArr; drawFastVLine &rArr; rawFastVLine &rArr; writeCommand
</UL>
<BR>[Calls]<UL><LI><a href="#[23]">&gt;&gt;</a>&nbsp;&nbsp;&nbsp;fillCircle
<LI><a href="#[3a]">&gt;&gt;</a>&nbsp;&nbsp;&nbsp;resetPong
</UL>
<BR>[Called By]<UL><LI><a href="#[7]">&gt;&gt;</a>&nbsp;&nbsp;&nbsp;main
</UL>

<P><STRONG><a name="[29]"></a>writeCommand</STRONG> (Thumb, 52 bytes, Stack size 16 bytes, adafruit_gfx.o(i.writeCommand))
<BR><BR>[Stack]<UL><LI>Max Depth = 16<LI>Call Chain = writeCommand
</UL>
<BR>[Calls]<UL><LI><a href="#[21]">&gt;&gt;</a>&nbsp;&nbsp;&nbsp;SSIDataPut
<LI><a href="#[3b]">&gt;&gt;</a>&nbsp;&nbsp;&nbsp;SSIBusy
</UL>
<BR>[Called By]<UL><LI><a href="#[32]">&gt;&gt;</a>&nbsp;&nbsp;&nbsp;rawFillRect
<LI><a href="#[2d]">&gt;&gt;</a>&nbsp;&nbsp;&nbsp;rawFastVLine
<LI><a href="#[2c]">&gt;&gt;</a>&nbsp;&nbsp;&nbsp;rawFastHLine
<LI><a href="#[2f]">&gt;&gt;</a>&nbsp;&nbsp;&nbsp;goTo
<LI><a href="#[28]">&gt;&gt;</a>&nbsp;&nbsp;&nbsp;begin
</UL>

<P><STRONG><a name="[2a]"></a>writeData</STRONG> (Thumb, 32 bytes, Stack size 8 bytes, adafruit_gfx.o(i.writeData))
<BR><BR>[Stack]<UL><LI>Max Depth = 8<LI>Call Chain = writeData
</UL>
<BR>[Calls]<UL><LI><a href="#[21]">&gt;&gt;</a>&nbsp;&nbsp;&nbsp;SSIDataPut
</UL>
<BR>[Called By]<UL><LI><a href="#[32]">&gt;&gt;</a>&nbsp;&nbsp;&nbsp;rawFillRect
<LI><a href="#[2d]">&gt;&gt;</a>&nbsp;&nbsp;&nbsp;rawFastVLine
<LI><a href="#[2c]">&gt;&gt;</a>&nbsp;&nbsp;&nbsp;rawFastHLine
<LI><a href="#[2f]">&gt;&gt;</a>&nbsp;&nbsp;&nbsp;goTo
<LI><a href="#[2e]">&gt;&gt;</a>&nbsp;&nbsp;&nbsp;drawPixel
<LI><a href="#[28]">&gt;&gt;</a>&nbsp;&nbsp;&nbsp;begin
<LI><a href="#[34]">&gt;&gt;</a>&nbsp;&nbsp;&nbsp;lcdTestPattern
</UL>
<P>
<H3>
Local Symbols
</H3>
<P><STRONG><a name="[1]"></a>NmiSR</STRONG> (Thumb, 0 bytes, Stack size unknown bytes, startup_rvmdk.o(RESET))
<BR><BR>[Calls]<UL><LI><a href="#[1]">&gt;&gt;</a>&nbsp;&nbsp;&nbsp;NmiSR
</UL>
<BR>[Called By]<UL><LI><a href="#[1]">&gt;&gt;</a>&nbsp;&nbsp;&nbsp;NmiSR
</UL>
<BR>[Address Reference Count : 1]<UL><LI> startup_rvmdk.o(RESET)
</UL>
<P><STRONG><a name="[2]"></a>FaultISR</STRONG> (Thumb, 0 bytes, Stack size unknown bytes, startup_rvmdk.o(RESET))
<BR><BR>[Calls]<UL><LI><a href="#[2]">&gt;&gt;</a>&nbsp;&nbsp;&nbsp;FaultISR
</UL>
<BR>[Called By]<UL><LI><a href="#[2]">&gt;&gt;</a>&nbsp;&nbsp;&nbsp;FaultISR
</UL>
<BR>[Address Reference Count : 1]<UL><LI> startup_rvmdk.o(RESET)
</UL>
<P><STRONG><a name="[3]"></a>IntDefaultHandler</STRONG> (Thumb, 0 bytes, Stack size unknown bytes, startup_rvmdk.o(RESET))
<BR><BR>[Calls]<UL><LI><a href="#[3]">&gt;&gt;</a>&nbsp;&nbsp;&nbsp;IntDefaultHandler
</UL>
<BR>[Called By]<UL><LI><a href="#[3]">&gt;&gt;</a>&nbsp;&nbsp;&nbsp;IntDefaultHandler
</UL>
<BR>[Address Reference Count : 1]<UL><LI> startup_rvmdk.o(RESET)
</UL><P>
<H3>
Undefined Global Symbols
</H3><HR></body></html>
